---
http_interactions:
- request:
    method: get
    uri: https://api.github.com/repos/Xorima/xor_test_cookbook/contents/CHANGELOG.md?ref=master
    body:
      encoding: US-ASCII
      base64_string: ''
    headers:
      Accept:
      - application/vnd.github.v3+json
      User-Agent:
      - Octokit Ruby Gem 4.18.0
      Content-Type:
      - application/json
      Authorization:
      - "<AUTH_TOKEN>"
      Accept-Encoding:
      - gzip;q=1.0,deflate;q=0.6,identity;q=0.3
  response:
    status:
      code: 200
      message: OK
    headers:
      Date:
      - Thu, 22 Oct 2020 21:56:31 GMT
      Content-Type:
      - application/json; charset=utf-8
      Transfer-Encoding:
      - chunked
      Server:
      - GitHub.com
      Status:
      - 200 OK
      Cache-Control:
      - private, max-age=60, s-maxage=60
      Vary:
      - Accept, Authorization, Cookie, X-GitHub-OTP
      - Accept-Encoding
      - Accept-Encoding, Accept, X-Requested-With
      Etag:
      - W/"1914f9b1f1291ea7ae599d243ab6252045f7824b"
      Last-Modified:
      - Thu, 22 Oct 2020 21:56:19 GMT
      X-Oauth-Scopes:
      - admin:enterprise, admin:gpg_key, admin:org, admin:org_hook, admin:public_key,
        admin:repo_hook, delete:packages, gist, notifications, read:packages, repo,
        user, workflow, write:discussion, write:packages
      X-Accepted-Oauth-Scopes:
      - ''
      X-Github-Media-Type:
      - github.v3; format=json
      X-Ratelimit-Limit:
      - '5000'
      X-Ratelimit-Remaining:
      - '4986'
      X-Ratelimit-Reset:
      - '1603405522'
      X-Ratelimit-Used:
      - '14'
      Access-Control-Expose-Headers:
      - ETag, Link, Location, Retry-After, X-GitHub-OTP, X-RateLimit-Limit, X-RateLimit-Remaining,
        X-RateLimit-Used, X-RateLimit-Reset, X-OAuth-Scopes, X-Accepted-OAuth-Scopes,
        X-Poll-Interval, X-GitHub-Media-Type, Deprecation, Sunset
      Access-Control-Allow-Origin:
      - "*"
      Strict-Transport-Security:
      - max-age=31536000; includeSubdomains; preload
      X-Frame-Options:
      - deny
      X-Content-Type-Options:
      - nosniff
      X-Xss-Protection:
      - 1; mode=block
      Referrer-Policy:
      - origin-when-cross-origin, strict-origin-when-cross-origin
      Content-Security-Policy:
      - default-src 'none'
      X-Github-Request-Id:
      - A78A:719F:14536664:176486CF:5F92000F
    body:
      encoding: ASCII-8BIT
      base64_string: |
        eyJuYW1lIjoiQ0hBTkdFTE9HLm1kIiwicGF0aCI6IkNIQU5HRUxPRy5tZCIs
        InNoYSI6IjE5MTRmOWIxZjEyOTFlYTdhZTU5OWQyNDNhYjYyNTIwNDVmNzgy
        NGIiLCJzaXplIjo2ODcsInVybCI6Imh0dHBzOi8vYXBpLmdpdGh1Yi5jb20v
        cmVwb3MvWG9yaW1hL3hvcl90ZXN0X2Nvb2tib29rL2NvbnRlbnRzL0NIQU5H
        RUxPRy5tZD9yZWY9bWFzdGVyIiwiaHRtbF91cmwiOiJodHRwczovL2dpdGh1
        Yi5jb20vWG9yaW1hL3hvcl90ZXN0X2Nvb2tib29rL2Jsb2IvbWFzdGVyL0NI
        QU5HRUxPRy5tZCIsImdpdF91cmwiOiJodHRwczovL2FwaS5naXRodWIuY29t
        L3JlcG9zL1hvcmltYS94b3JfdGVzdF9jb29rYm9vay9naXQvYmxvYnMvMTkx
        NGY5YjFmMTI5MWVhN2FlNTk5ZDI0M2FiNjI1MjA0NWY3ODI0YiIsImRvd25s
        b2FkX3VybCI6Imh0dHBzOi8vcmF3LmdpdGh1YnVzZXJjb250ZW50LmNvbS9Y
        b3JpbWEveG9yX3Rlc3RfY29va2Jvb2svbWFzdGVyL0NIQU5HRUxPRy5tZCIs
        InR5cGUiOiJmaWxlIiwiY29udGVudCI6Ikl5QjJjMk52WkdVZ1EwaEJUa2RG
        VEU5SENncFVhR2x6SUdacGJHVWdhWE1nZFhObFpDQjBieUJzYVhOMFxuSUdO
        b1lXNW5aWE1nYldGa1pTQnBiaUJsWVdOb0lIWmxjbk5wYjI0Z2IyWWdkR2hs
        SUdkcGRGOWphR1ZqXG5hMjkxZENCamIyOXJZbTl2YXk0S0NpTWpJRlZ1Y21W
        c1pXRnpaV1FLQ2kwZ1FXUmtaV1FnSjFSbGMzUnBcbmJtY2djM1IxWm1ZbkNn
        b2pJeUF4TGpBdU1Rb0tMU0JCWkdSbFpDQmdMbWRwZEdGMGRISnBZblYwWlhO
        Z1xuSUhSdklHVnVjM1Z5WlNCZ2JHWmdJR3hwYm1VZ1pXNWthVzVuY3dvdElG
        VndaR0YwWldRZ1kybHlZMnhsXG5ZMmtnWW5WcGJHUnpJSFJ2SUdKbElIQmhj
        bUZzYkdWc0NpMGdWWEJrWVhSbFpDQmpiMjlyWW05dmF5QjNcbmFYUm9JR3ho
        ZEdWemRDQmdZMjl2YTNOMGVXeGxZQ0JtYVhobGN3b3RJRU5vWVc1blpXUWdZ
        RVJoYm1kbFxuY21acGJHVmdJSFJ2SUhWelpTQmdabUZwYkhWeVpXQWdhVzV6
        ZEdWaFpDQnZaaUJnWm1GcGJHQUtMU0JTXG5aVzF2ZG1Wa0lHQXVjblZpYjJO
        dmNDNTViV3hnSUdGeklHNXZJR3h2Ym1kbGNpQnlaWEYxYVhKbFpBb0tcbkl5
        TWdNUzR3TGpBS0NpMGdRV1JrWldRZ1pYaDBaVzV6YVc5dUlHMWhibUZuWlcx
        bGJuUUtJQ0F0SUVOaFxuYmlCcGJuTjBZV3hzSUdWNGRHVnVjMmx2Ym5NS0lD
        QXRJRU5oYmlCMWNHZHlZV1JsSUdWNGRHVnVjMmx2XG5ibk1LSUNBdElFTmhi
        aUIxYm1sdWMzUmhiR3dnWlhoMFpXNXphVzl1Y3dvdElFRmtaR1ZrSUdsdWMz
        UmhcbmJHeGhkR2x2YmlCdFlXNWhaMlZ0Wlc1MENpQWdMU0JEWVc0Z2FXNXpk
        R0ZzYkNCMmMyTnZaR1VnWVc1a1xuSUhKbGJHRjBaV1FnY21Wd2IzTnBkRzl5
        ZVFvZ0lDMGdRMkZ1SUhWdWFXNXpkR0ZzYkNCMmMyTnZaR1VnXG5ZVzVrSUhK
        bGJHRjBaV1FnY21Wd2IzTnBkRzl5ZVFvdElFRmtaR1ZrSUdsdWFYUnBZV3dn
        YzNWd2NHOXlcbmRDQm1iM0lnVEdsdWRYZ0tcbiIsImVuY29kaW5nIjoiYmFz
        ZTY0IiwiX2xpbmtzIjp7InNlbGYiOiJodHRwczovL2FwaS5naXRodWIuY29t
        L3JlcG9zL1hvcmltYS94b3JfdGVzdF9jb29rYm9vay9jb250ZW50cy9DSEFO
        R0VMT0cubWQ/cmVmPW1hc3RlciIsImdpdCI6Imh0dHBzOi8vYXBpLmdpdGh1
        Yi5jb20vcmVwb3MvWG9yaW1hL3hvcl90ZXN0X2Nvb2tib29rL2dpdC9ibG9i
        cy8xOTE0ZjliMWYxMjkxZWE3YWU1OTlkMjQzYWI2MjUyMDQ1Zjc4MjRiIiwi
        aHRtbCI6Imh0dHBzOi8vZ2l0aHViLmNvbS9Yb3JpbWEveG9yX3Rlc3RfY29v
        a2Jvb2svYmxvYi9tYXN0ZXIvQ0hBTkdFTE9HLm1kIn19
  recorded_at: Thu, 22 Oct 2020 21:56:31 GMT
- request:
    method: put
    uri: https://api.github.com/repos/Xorima/xor_test_cookbook/contents/CHANGELOG.md
    body:
      encoding: UTF-8
      base64_string: |
        eyJicmFuY2giOiJtYXN0ZXIiLCJzaGEiOiIxOTE0ZjliMWYxMjkxZWE3YWU1
        OTlkMjQzYWI2MjUyMDQ1Zjc4MjRiIiwiY29udGVudCI6Ikl5QjJjMk52WkdV
        Z1EwaEJUa2RGVEU5SENncFVhR2x6SUdacGJHVWdhWE1nZFhObFpDQjBieUJz
        YVhOMElHTm9ZVzVuWlhNZ2JXRmtaU0JwYmlCbFlXTm9JSFpsY25OcGIyNGdi
        MllnZEdobElHZHBkRjlqYUdWamEyOTFkQ0JqYjI5clltOXZheTRLQ2lNaklE
        RXVNaTR6SUMwZ0tqSXdNakF0TVRBdE1qSXFDZ290SUVGa1pHVmtJQ2RVWlhO
        MGFXNW5JSE4wZFdabUp3b0tJeU1nTVM0d0xqRUtDaTBnUVdSa1pXUWdZQzVu
        YVhSaGRIUnlhV0oxZEdWellDQjBieUJsYm5OMWNtVWdZR3htWUNCc2FXNWxJ
        R1Z1WkdsdVozTUtMU0JWY0dSaGRHVmtJR05wY21Oc1pXTnBJR0oxYVd4a2N5
        QjBieUJpWlNCd1lYSmhiR3hsYkFvdElGVndaR0YwWldRZ1kyOXZhMkp2YjJz
        Z2QybDBhQ0JzWVhSbGMzUWdZR052YjJ0emRIbHNaV0FnWm1sNFpYTUtMU0JE
        YUdGdVoyVmtJR0JFWVc1blpYSm1hV3hsWUNCMGJ5QjFjMlVnWUdaaGFXeDFj
        bVZnSUdsdWMzUmxZV1FnYjJZZ1lHWmhhV3hnQ2kwZ1VtVnRiM1psWkNCZ0xu
        SjFZbTlqYjNBdWVXMXNZQ0JoY3lCdWJ5QnNiMjVuWlhJZ2NtVnhkV2x5WldR
        S0NpTWpJREV1TUM0d0Nnb3RJRUZrWkdWa0lHVjRkR1Z1YzJsdmJpQnRZVzVo
        WjJWdFpXNTBDaUFnTFNCRFlXNGdhVzV6ZEdGc2JDQmxlSFJsYm5OcGIyNXpD
        aUFnTFNCRFlXNGdkWEJuY21Ga1pTQmxlSFJsYm5OcGIyNXpDaUFnTFNCRFlX
        NGdkVzVwYm5OMFlXeHNJR1Y0ZEdWdWMybHZibk1LTFNCQlpHUmxaQ0JwYm5O
        MFlXeHNZWFJwYjI0Z2JXRnVZV2RsYldWdWRBb2dJQzBnUTJGdUlHbHVjM1Jo
        Ykd3Z2RuTmpiMlJsSUdGdVpDQnlaV3hoZEdWa0lISmxjRzl6YVhSdmNua0tJ
        Q0F0SUVOaGJpQjFibWx1YzNSaGJHd2dkbk5qYjJSbElHRnVaQ0J5Wld4aGRH
        VmtJSEpsY0c5emFYUnZjbmtLTFNCQlpHUmxaQ0JwYm1sMGFXRnNJSE4xY0hC
        dmNuUWdabTl5SUV4cGJuVjRDZz09IiwibWVzc2FnZSI6IlVwZGF0ZSBjaGFu
        Z2Vsb2cgZm9yIDEuMi4zIn0=
    headers:
      Accept:
      - application/vnd.github.v3+json
      User-Agent:
      - Octokit Ruby Gem 4.18.0
      Content-Type:
      - application/json
      Authorization:
      - "<AUTH_TOKEN>"
      Accept-Encoding:
      - gzip;q=1.0,deflate;q=0.6,identity;q=0.3
  response:
    status:
      code: 200
      message: OK
    headers:
      Date:
      - Thu, 22 Oct 2020 21:56:32 GMT
      Content-Type:
      - application/json; charset=utf-8
      Transfer-Encoding:
      - chunked
      Server:
      - GitHub.com
      Status:
      - 200 OK
      Cache-Control:
      - private, max-age=60, s-maxage=60
      Vary:
      - Accept, Authorization, Cookie, X-GitHub-OTP
      - Accept-Encoding
      - Accept-Encoding, Accept, X-Requested-With
      Etag:
      - W/"b687995cab0f4c0378844fc6aca9b7d9e9c25beaced150af853e3fd6f0576dca"
      X-Oauth-Scopes:
      - admin:enterprise, admin:gpg_key, admin:org, admin:org_hook, admin:public_key,
        admin:repo_hook, delete:packages, gist, notifications, read:packages, repo,
        user, workflow, write:discussion, write:packages
      X-Accepted-Oauth-Scopes:
      - ''
      X-Github-Media-Type:
      - github.v3; format=json
      X-Ratelimit-Limit:
      - '5000'
      X-Ratelimit-Remaining:
      - '4985'
      X-Ratelimit-Reset:
      - '1603405522'
      X-Ratelimit-Used:
      - '15'
      Access-Control-Expose-Headers:
      - ETag, Link, Location, Retry-After, X-GitHub-OTP, X-RateLimit-Limit, X-RateLimit-Remaining,
        X-RateLimit-Used, X-RateLimit-Reset, X-OAuth-Scopes, X-Accepted-OAuth-Scopes,
        X-Poll-Interval, X-GitHub-Media-Type, Deprecation, Sunset
      Access-Control-Allow-Origin:
      - "*"
      Strict-Transport-Security:
      - max-age=31536000; includeSubdomains; preload
      X-Frame-Options:
      - deny
      X-Content-Type-Options:
      - nosniff
      X-Xss-Protection:
      - 1; mode=block
      Referrer-Policy:
      - origin-when-cross-origin, strict-origin-when-cross-origin
      Content-Security-Policy:
      - default-src 'none'
      X-Github-Request-Id:
      - A78C:179C:24C00D44:2A79BC03:5F92000F
    body:
      encoding: ASCII-8BIT
      base64_string: |
        eyJjb250ZW50Ijp7Im5hbWUiOiJDSEFOR0VMT0cubWQiLCJwYXRoIjoiQ0hB
        TkdFTE9HLm1kIiwic2hhIjoiMDhiZWQ0MTc3ZGFjNjliMjQxZmRjODJjMmUw
        OTVjMGQ2ZWM1MzRjMCIsInNpemUiOjY5NywidXJsIjoiaHR0cHM6Ly9hcGku
        Z2l0aHViLmNvbS9yZXBvcy9Yb3JpbWEveG9yX3Rlc3RfY29va2Jvb2svY29u
        dGVudHMvQ0hBTkdFTE9HLm1kP3JlZj1tYXN0ZXIiLCJodG1sX3VybCI6Imh0
        dHBzOi8vZ2l0aHViLmNvbS9Yb3JpbWEveG9yX3Rlc3RfY29va2Jvb2svYmxv
        Yi9tYXN0ZXIvQ0hBTkdFTE9HLm1kIiwiZ2l0X3VybCI6Imh0dHBzOi8vYXBp
        LmdpdGh1Yi5jb20vcmVwb3MvWG9yaW1hL3hvcl90ZXN0X2Nvb2tib29rL2dp
        dC9ibG9icy8wOGJlZDQxNzdkYWM2OWIyNDFmZGM4MmMyZTA5NWMwZDZlYzUz
        NGMwIiwiZG93bmxvYWRfdXJsIjoiaHR0cHM6Ly9yYXcuZ2l0aHVidXNlcmNv
        bnRlbnQuY29tL1hvcmltYS94b3JfdGVzdF9jb29rYm9vay9tYXN0ZXIvQ0hB
        TkdFTE9HLm1kIiwidHlwZSI6ImZpbGUiLCJfbGlua3MiOnsic2VsZiI6Imh0
        dHBzOi8vYXBpLmdpdGh1Yi5jb20vcmVwb3MvWG9yaW1hL3hvcl90ZXN0X2Nv
        b2tib29rL2NvbnRlbnRzL0NIQU5HRUxPRy5tZD9yZWY9bWFzdGVyIiwiZ2l0
        IjoiaHR0cHM6Ly9hcGkuZ2l0aHViLmNvbS9yZXBvcy9Yb3JpbWEveG9yX3Rl
        c3RfY29va2Jvb2svZ2l0L2Jsb2JzLzA4YmVkNDE3N2RhYzY5YjI0MWZkYzgy
        YzJlMDk1YzBkNmVjNTM0YzAiLCJodG1sIjoiaHR0cHM6Ly9naXRodWIuY29t
        L1hvcmltYS94b3JfdGVzdF9jb29rYm9vay9ibG9iL21hc3Rlci9DSEFOR0VM
        T0cubWQifX0sImNvbW1pdCI6eyJzaGEiOiI5ZmZkMGJlNjg4NTNiYTcxNmE4
        NGFlZThiYzA2MWNkMzQ3NTI5NTg2Iiwibm9kZV9pZCI6Ik1EWTZRMjl0Ylds
        ME1qTXhOamN6TVRFek9qbG1abVF3WW1VMk9EZzFNMkpoTnpFMllUZzBZV1Zs
        T0dKak1EWXhZMlF6TkRjMU1qazFPRFk9IiwidXJsIjoiaHR0cHM6Ly9hcGku
        Z2l0aHViLmNvbS9yZXBvcy9Yb3JpbWEveG9yX3Rlc3RfY29va2Jvb2svZ2l0
        L2NvbW1pdHMvOWZmZDBiZTY4ODUzYmE3MTZhODRhZWU4YmMwNjFjZDM0NzUy
        OTU4NiIsImh0bWxfdXJsIjoiaHR0cHM6Ly9naXRodWIuY29tL1hvcmltYS94
        b3JfdGVzdF9jb29rYm9vay9jb21taXQvOWZmZDBiZTY4ODUzYmE3MTZhODRh
        ZWU4YmMwNjFjZDM0NzUyOTU4NiIsImF1dGhvciI6eyJuYW1lIjoiSmFzb24g
        RmllbGQiLCJlbWFpbCI6IjQ5MjM5MTQrWG9yaW1hQHVzZXJzLm5vcmVwbHku
        Z2l0aHViLmNvbSIsImRhdGUiOiIyMDIwLTEwLTIyVDIxOjU2OjMyWiJ9LCJj
        b21taXR0ZXIiOnsibmFtZSI6Ikphc29uIEZpZWxkIiwiZW1haWwiOiI0OTIz
        OTE0K1hvcmltYUB1c2Vycy5ub3JlcGx5LmdpdGh1Yi5jb20iLCJkYXRlIjoi
        MjAyMC0xMC0yMlQyMTo1NjozMloifSwidHJlZSI6eyJzaGEiOiJlNzQ1ZjQw
        YzBhYjhkYjcxMTYxMmJjZWUyOTQ1Mjg0YTFkMDY1ZmIwIiwidXJsIjoiaHR0
        cHM6Ly9hcGkuZ2l0aHViLmNvbS9yZXBvcy9Yb3JpbWEveG9yX3Rlc3RfY29v
        a2Jvb2svZ2l0L3RyZWVzL2U3NDVmNDBjMGFiOGRiNzExNjEyYmNlZTI5NDUy
        ODRhMWQwNjVmYjAifSwibWVzc2FnZSI6IlVwZGF0ZSBjaGFuZ2Vsb2cgZm9y
        IDEuMi4zIiwicGFyZW50cyI6W3sic2hhIjoiMmQ4N2ZjYTFmYTQ3ZmU3Njlj
        Mzc1NjkyNzYxZDJmNmFkNDY3MjlhNiIsInVybCI6Imh0dHBzOi8vYXBpLmdp
        dGh1Yi5jb20vcmVwb3MvWG9yaW1hL3hvcl90ZXN0X2Nvb2tib29rL2dpdC9j
        b21taXRzLzJkODdmY2ExZmE0N2ZlNzY5YzM3NTY5Mjc2MWQyZjZhZDQ2NzI5
        YTYiLCJodG1sX3VybCI6Imh0dHBzOi8vZ2l0aHViLmNvbS9Yb3JpbWEveG9y
        X3Rlc3RfY29va2Jvb2svY29tbWl0LzJkODdmY2ExZmE0N2ZlNzY5YzM3NTY5
        Mjc2MWQyZjZhZDQ2NzI5YTYifV0sInZlcmlmaWNhdGlvbiI6eyJ2ZXJpZmll
        ZCI6ZmFsc2UsInJlYXNvbiI6InVuc2lnbmVkIiwic2lnbmF0dXJlIjpudWxs
        LCJwYXlsb2FkIjpudWxsfX19
  recorded_at: Thu, 22 Oct 2020 21:56:32 GMT
recorded_with: VCR 6.0.0
